// Jest Snapshot v1, https://goo.gl/fbAQLP

exports[`scrapePage should retrieve correct game information 1`] = `
[
  {
    "currPrice": 29.49,
    "imageUrl": "https://store-images.s-microsoft.com/image/apps.25053.65843946604617087.4d3f1eaa-9f9b-4884-8da5-69d3fa77479f.c8e55bec-d1f6-4fe4-b3fa-13ac1e79814f?q=90&w=256&h=384&mode=crop&format=jpg&background=%230078D7",
    "prevPrice": 117.99,
    "title": "Rayman Legends",
    "url": "https://www.microsoft.com/pl-pl/p/rayman-legends/c26k4dvgr45b",
  },
  {
    "currPrice": 208.24,
    "imageUrl": "https://store-images.s-microsoft.com/image/apps.61981.13959819632152004.cdf7fb2d-7428-47e4-82ed-ea0003da5b3a.bf2c464b-9236-4869-8423-14e7a6362433?q=90&w=256&h=384&mode=crop&format=jpg&background=%23FFFFFF",
    "prevPrice": 594.99,
    "title": "Assassin's Creed Valhalla Complete Edition",
    "url": "https://www.microsoft.com/pl-pl/p/assassins-creed-valhalla-complete-edition/9np1b2v92qzx",
  },
  {
    "currPrice": 124.49,
    "imageUrl": "https://store-images.s-microsoft.com/image/apps.33244.14422109142805611.71c71dc7-fe47-4083-ad56-ab54c9a5607d.32a28f70-8b6e-4b7e-ae64-c38ae01f32c1?q=90&w=256&h=384&mode=crop&format=jpg&background=%23FFFFFF",
    "prevPrice": 414.99,
    "title": "Far CryÂ® 6 Gold Edition",
    "url": "https://www.microsoft.com/pl-pl/p/far-cry-6-gold-edition/9nt2tqpst9s0",
  },
]
`;
